*** Using Compiler 'V5.06 update 5 (build 528)', folder: 'D:\MDK\ARM\ARMCC\Bin'
Build target 'infantry_up'
compiling peripheral_config.c...
compiling imu.c...
compiling remote_state.c...
compiling motor4310.c...
compiling communication.c...
compiling dial_motor.c...
compiling motor3508.c...
compiling upper_tasks.c...
compiling motor2006.c...
compiling main.c...
compiling shoot_control.c...
compiling cloud_terrace.c...
compiling lift_control.c...
linking...
Program Size: Code=62484 RO-data=1076 RW-data=544 ZI-data=24896  
FromELF: creating hex file...
"infantry_up\infantry_up.axf" - 0 Error(s), 0 Warning(s).
Build Time Elapsed:  00:00:03
